server HEAD: 1929ee5916c66c522769283d7239919253e32794
local  HEAD: 3e9465e1406c1ae28da5ec943c6669e4a5c0518c
增量 bundle 失败，改用全量： fatal: Refusing to create empty bundle.
bundle size bytes: 981543976
uploaded -> /tmp/deploy.bundle
From /tmp/deploy.bundle
 * branch              main       -> FETCH_HEAD

Reset branch 'main'

├ ƒ /dynamic/[id]                        2.03 kB        96.3 kB
├ ƒ /dynamics                            2.62 kB        96.9 kB
├ ƒ /news                                146 B          87.7 kB
├ ƒ /playlist                            1.08 kB        88.6 kB
├ ƒ /shop                                172 B          94.5 kB
├ ƒ /songs                               908 B          88.4 kB
├ ƒ /stats                               147 B          87.7 kB
├ ƒ /tracks                              4.1 kB         91.6 kB
└ ○ /wardrobe                            2.07 kB        89.6 kB
+ First Load JS shared by all            87.5 kB
  ├ chunks/23-09bf37dd3d34cb81.js        31.7 kB
  ├ chunks/fd9d1056-22522fa00b21828a.js  53.8 kB
  └ other shared chunks (total)          2.02 kB


ƒ Middleware                             26.9 kB

○  (Static)   prerendered as static content
ƒ  (Dynamic)  server-rendered on demand


Use --update-env to update environment variables
[PM2] Applying action restartProcessId on app [lidousha-web](ids: [ 0 ])
[PM2] [lidousha-web](0) ✓
Use --update-env to update environment variables
[PM2] Applying action restartProcessId on app [lidousha-monitor](ids: [ 1 ])
[PM2] [lidousha-monitor](1) ✓
┌────┬─────────────────────┬─────────────┬─────────┬─────────┬──────────┬────────┬──────┬───────────┬──────────┬──────────┬──────────┬──────────┐
│ id │ name                │ namespace   │ version │ mode    │ pid      │ uptime │ ↺    │ status    │ cpu      │ mem      │ user     │ watching │
├────┼─────────────────────┼─────────────┼─────────┼─────────┼──────────┼────────┼──────┼───────────┼──────────┼──────────┼──────────┼──────────┤
│ 1  │ lidousha-monitor    │ default     │ N/A     │ fork    │ 1320316  │ 0s     │ 159  │ online    │ 0%       │ 12.1mb   │ root     │ disabled │
│ 0  │ lidousha-web        │ default     │ N/A     │ fork    │ 1320293  │ 1s     │ 11   │ online    │ 31.4%    │ 69.9mb   │ root     │ disabled │
└────┴─────────────────────┴─────────────┴─────────┴─────────┴──────────┴────────┴──────┴───────────┴──────────┴──────────┴──────────┴──────────┘
host metrics | cpu: 74.5% | ram usage: 36.7% | eth0: ⇓ 0.001mb/s ⇑ 0.002mb/s | disk: ⇓ 4.558mb/s ⇑ 2.86mb/s

DONE
